Microchip MPLAB XC8 Compiler V2.10 ()

Linker command line:

-W-3 --edf=C:\Program Files (x86)\Microchip\xc8\v2.10\pic\dat\en_msgs.txt \
  -cs -h+dist/default/production\automatic_change_over.X.production.sym \
  --cmf=dist/default/production\automatic_change_over.X.production.cmf -z \
  -Q16F877A -oC:\Users\PETRON~1\AppData\Local\Temp\s48.2 \
  --defsym=__MPLAB_BUILD=1 \
  -Mdist/default/production/automatic_change_over.X.production.map -E1 \
  -ver=XC8 --acfsm=1493 -ASTACK=0110h-016Fh -pstack=STACK \
  -ACODE=00h-07FFhx4 -ASTRCODE=00h-01FFFh -ASTRING=00h-0FFhx32 \
  -ACONST=00h-0FFhx32 -AENTRY=00h-0FFhx32 -ACOMMON=070h-07Fh \
  -ABANK0=020h-06Fh -ABANK1=0A0h-0EFh -ABANK2=0110h-016Fh \
  -ABANK3=0190h-01EFh -ARAM=020h-06Fh,0A0h-0EFh,0110h-016Fh,0190h-01EFh \
  -AABS1=020h-07Fh,0A0h-0EFh,0110h-016Fh,0190h-01EFh -ASFR0=00h-01Fh \
  -ASFR1=080h-09Fh -ASFR2=0100h-010Fh -ASFR3=0180h-018Fh \
  -preset_vec=00h,intentry,init,end_init -ppowerup=CODE -pcinit=CODE \
  -pfunctab=ENTRY -ACONFIG=02007h-02007h -pconfig=CONFIG -DCONFIG=2 \
  -AIDLOC=02000h-02003h -pidloc=IDLOC -DIDLOC=2 -AEEDATA=00h-0FFh/02100h \
  -peeprom_data=EEDATA -DEEDATA=2 -DCODE=2 -DSTRCODE=2 -DSTRING=2 -DCONST=2 \
  -DENTRY=2 -k C:\Users\PETRON~1\AppData\Local\Temp\s48.o \
  dist/default/production\automatic_change_over.X.production.o 

Object code version is 3.11

Machine type is 16F877A



                Name                               Link     Load   Length Selector   Space Scale
C:\Users\PETRON~1\AppData\Local\Temp\s48.o
                end_init                              0        0        3        0       0
                config                             2007     2007        1     400E       0
dist/default/production\automatic_change_over.X.production.o
                cinit                               7F3      7F3        D      FE6       0
                text33                             13C6     13C6       22     278C       0
                text32                             138C     138C       1A     2718       0
                text31                             156C     156C       52     2AD8       0
                text30                             14AD     14AD       39     295A       0
                text29                             14E6     14E6       42     29CC       0
                text28                             1528     1528       44     2A50       0
                text27                              801      801       3A     1002       0
                text26                              A81      A81       E8     1502       0
                text25                             13E8     13E8       24     27D0       0
                text24                                6        6       27        C       0
                text23                              492      492      361      924       0
                text22                             16CC     16CC       7C     2D98       0
                text21                             1430     1430       25     2860       0
                text20                              83B      83B       BA     1076       0
                text19                             1748     1748       B8     2E90       0
                text18                             166E     166E       5E     2CDC       0
                text17                             13A6     13A6       20     274C       0
                text16                             1342     1342        5     2684       0
                text15                               2D       2D      1DD       5A       0
                text14                              20A      20A      288      414       0
                text13                             140C     140C       24     2818       0
                text12                              B69      B69      118     16D2       0
                text11                             134F     134F        D     269E       0
                text10                              DE9      DE9      217     1BD2       0
                text9                              135C     135C       10     26B8       0
                text8                              136C     136C       10     26D8       0
                text7                              137C     137C       10     26F8       0
                text6                              1455     1455       2C     28AA       0
                text5                              15BE     15BE       58     2B7C       0
                text4                               8F5      8F5       C6     11EA       0
                text3                              1481     1481       2C     2902       0
                text2                              1616     1616       58     2C2C       0
                text1                               9BB      9BB       C6     1376       0
                maintext                            C81      C81      168     1902       0
                cstackBANK0                          20       20       50       20       1
                cstackCOMMON                         70       70        E       70       1
                cstackBANK1                          A0       A0       1A       A0       1
                clrtext                            1347     1347        8     268E       0
                bssBANK1                             BA       BA       17       A0       1
                strings                            1000     1000       4D     2000       0

TOTAL           Name                               Link     Load   Length     Space
        CLASS   STACK          

        CLASS   CODE           
                end_init                              0        0        3         0
                cinit                               7F3      7F3        D         0
                text33                             13C6     13C6       22         0
                text32                             138C     138C       1A         0
                text31                             156C     156C       52         0
                text30                             14AD     14AD       39         0
                text29                             14E6     14E6       42         0
                text28                             1528     1528       44         0
                text27                              801      801       3A         0
                text26                              A81      A81       E8         0
                text25                             13E8     13E8       24         0
                text24                                6        6       27         0
                text23                              492      492      361         0
                text22                             16CC     16CC       7C         0
                text21                             1430     1430       25         0
                text20                              83B      83B       BA         0
                text19                             1748     1748       B8         0
                text18                             166E     166E       5E         0
                text17                             13A6     13A6       20         0
                text16                             1342     1342        5         0
                text15                               2D       2D      1DD         0
                text14                              20A      20A      288         0
                text13                             140C     140C       24         0
                text12                              B69      B69      118         0
                text11                             134F     134F        D         0
                text10                              DE9      DE9      217         0
                text9                              135C     135C       10         0
                text8                              136C     136C       10         0
                text7                              137C     137C       10         0
                text6                              1455     1455       2C         0
                text5                              15BE     15BE       58         0
                text4                               8F5      8F5       C6         0
                text3                              1481     1481       2C         0
                text2                              1616     1616       58         0
                text1                               9BB      9BB       C6         0
                maintext                            C81      C81      168         0
                clrtext                            1347     1347        8         0

        CLASS   STRCODE        

        CLASS   STRING         
                strings                            1000     1000       4D         0

        CLASS   CONST          

        CLASS   ENTRY          

        CLASS   COMMON         
                cstackCOMMON                         70       70        E         1

        CLASS   BANK0          
                cstackBANK0                          20       20       50         1

        CLASS   BANK1          
                cstackBANK1                          A0       A0       1A         1
                bssBANK1                             BA       BA       17         1

        CLASS   BANK2          

        CLASS   BANK3          

        CLASS   RAM            

        CLASS   ABS1           
                abs_s1                               7E       7E        2         1

        CLASS   SFR0           

        CLASS   SFR1           

        CLASS   SFR2           

        CLASS   SFR3           

        CLASS   CONFIG         
                config                             2007     2007        1         0

        CLASS   IDLOC          

        CLASS   EEDATA         



SEGMENTS        Name                           Load    Length   Top    Selector   Space  Class     Delta

                reset_vec                      000000  000003  000003         0       0  CODE        2
                text24                         000006  000027  00002D         C       0  CODE        2
                cstackBANK0                    000020  000050  000070        20       1  BANK0       1
                text15                         00002D  0001DD  00020A        5A       0  CODE        2
                cstackCOMMON                   000070  00000E  00007E        70       1  COMMON      1
                cstackBANK1                    0000A0  000031  0000D1        A0       1  BANK1       1
                text14                         00020A  000288  000492       414       0  CODE        2
                text23                         000492  000361  0007F3       924       0  CODE        2
                cinit                          0007F3  00000D  000800       FE6       0  CODE        2
                text27                         000801  00003A  00083B      1002       0  CODE        2
                text20                         00083B  0000BA  0008F5      1076       0  CODE        2
                text4                          0008F5  0000C6  0009BB      11EA       0  CODE        2
                text1                          0009BB  0000C6  000A81      1376       0  CODE        2
                text26                         000A81  0000E8  000B69      1502       0  CODE        2
                text12                         000B69  000118  000C81      16D2       0  CODE        2
                maintext                       000C81  000168  000DE9      1902       0  CODE        2
                text10                         000DE9  000217  001000      1BD2       0  CODE        2
                strings                        001000  00004D  00104D      2000       0  STRING      2
                text16                         001342  000005  001347      2684       0  CODE        2
                clrtext                        001347  000008  00134F      268E       0  CODE        2
                text11                         00134F  00000D  00135C      269E       0  CODE        2
                text9                          00135C  000010  00136C      26B8       0  CODE        2
                text8                          00136C  000010  00137C      26D8       0  CODE        2
                text7                          00137C  000010  00138C      26F8       0  CODE        2
                text32                         00138C  00001A  0013A6      2718       0  CODE        2
                text17                         0013A6  000020  0013C6      274C       0  CODE        2
                text33                         0013C6  000022  0013E8      278C       0  CODE        2
                text25                         0013E8  000024  00140C      27D0       0  CODE        2
                text13                         00140C  000024  001430      2818       0  CODE        2
                text21                         001430  000025  001455      2860       0  CODE        2
                text6                          001455  00002C  001481      28AA       0  CODE        2
                text3                          001481  00002C  0014AD      2902       0  CODE        2
                text30                         0014AD  000039  0014E6      295A       0  CODE        2
                text29                         0014E6  000042  001528      29CC       0  CODE        2
                text28                         001528  000044  00156C      2A50       0  CODE        2
                text31                         00156C  000052  0015BE      2AD8       0  CODE        2
                text5                          0015BE  000058  001616      2B7C       0  CODE        2
                text2                          001616  000058  00166E      2C2C       0  CODE        2
                text18                         00166E  00005E  0016CC      2CDC       0  CODE        2
                text22                         0016CC  00007C  001748      2D98       0  CODE        2
                text19                         001748  0000B8  001800      2E90       0  CODE        2
                config                         002007  000001  002008      400E       0  CONFIG      2


UNUSED ADDRESS RANGES

        Name                Unused          Largest block    Delta
        BANK1            00D1-00EF             1F           1
        BANK2            0110-016F             60           1
        BANK3            0190-01EF             60           1
        CODE             0003-0005              3           2
                         0800-0800              1
                         104D-1341            2F5
                         1800-1FFF            800
        CONST            0003-0005              3           2
                         0800-0800              1
                         104D-1341            100
                         1800-1FFF            100
        EEDATA           2100-21FF            100           2
        ENTRY            0003-0005              3           2
                         0800-0800              1
                         104D-1341            100
                         1800-1FFF            100
        IDLOC            2000-2003              4           2
        RAM              00D1-00EF             1F           1
                         0110-016F             60
                         0190-01EF             60
        SFR0             0000-001F             20           1
        SFR1             0080-009F             20           1
        SFR2             0100-010F             10           1
        SFR3             0180-018F             10           1
        STACK            0110-016F             60           1
        STRCODE          0003-0005              3           2
                         0800-0800              1
                         104D-1341            2F5
                         1800-1FFF            800
        STRING           0003-0005              3           2
                         0800-0800              1
                         104D-1341            100
                         1800-1FFF            100

                                  Symbol Table

?__Umul8_16                  cstackCOMMON 0070
?___fladd                    cstackBANK0  003A
?___fldiv                    cstackBANK0  0056
?___flmul                    cstackBANK0  0020
?___flsub                    cstackBANK0  004E
?___fltol                    cstackBANK1  00A0
?___lwdiv                    cstackCOMMON 0070
?___lwmod                    cstackCOMMON 0078
?___wmul                     cstackCOMMON 0070
?___xxtofl                   cstackCOMMON 0070
?_sprintf                    cstackBANK0  0020
Lcd_Cmd@a                    cstackCOMMON 0073
Lcd_Port@a                   cstackCOMMON 0070
Lcd_Set_Cursor@a             cstackCOMMON 0077
Lcd_Set_Cursor@b             cstackCOMMON 0074
Lcd_Set_Cursor@temp          cstackCOMMON 007A
Lcd_Set_Cursor@y             cstackCOMMON 0079
Lcd_Set_Cursor@z             cstackCOMMON 0078
Lcd_Write_Char@a             cstackCOMMON 0074
Lcd_Write_Char@temp          cstackCOMMON 0072
Lcd_Write_Char@y             cstackCOMMON 0073
Lcd_Write_Int@num            cstackBANK1  00AB
Lcd_Write_Int@number         cstackBANK1  00AE
Lcd_Write_String@a           cstackCOMMON 0075
Lcd_Write_String@i           cstackCOMMON 007A
_ADCON0bits                  (abs)        001F
_ADCON1bits                  (abs)        009F
_ADRESH                      (abs)        001E
_ADRESL                      (abs)        009E
_LCD                         text19       1748
_Lcd_Clear                   text11       134F
_Lcd_Cmd                     text32       138C
_Lcd_Init                    text18       166E
_Lcd_Port                    text33       13C6
_Lcd_Set_Cursor              text31       156C
_Lcd_Write_Char              text30       14AD
_Lcd_Write_Int               text25       13E8
_Lcd_Write_String            text29       14E6
_OFF                         text17       13A6
_PORTB                       (abs)        0006
_PORTD                       (abs)        0008
_RB2                         (abs)        0032
_RB3                         (abs)        0033
_RB4                         (abs)        0034
_RB5                         (abs)        0035
_RB6                         (abs)        0036
_RB7                         (abs)        0037
_RD1                         (abs)        0041
_RD3                         (abs)        0043
_RD4                         (abs)        0044
_RD5                         (abs)        0045
_RD6                         (abs)        0046
_RD7                         (abs)        0047
_RE0                         (abs)        0048
_TRISA                       (abs)        0085
_TRISB                       (abs)        0086
_TRISD                       (abs)        0088
_TRISE0                      (abs)        0448
__CFG_BOREN$ON               (abs)        0000
__CFG_CP$ON                  (abs)        0000
__CFG_CPD$ON                 (abs)        0000
__CFG_FOSC$HS                (abs)        0000
__CFG_LVP$ON                 (abs)        0000
__CFG_PWRTE$OFF              (abs)        0000
__CFG_WDTE$OFF               (abs)        0000
__CFG_WRT$OFF                (abs)        0000
__Habs1                      abs1         0000
__Hbank0                     bank0        0000
__Hbank1                     bank1        0000
__Hbank2                     bank2        0000
__Hbank3                     bank3        0000
__HbssBANK1                  bssBANK1     0000
__Hcinit                     cinit        0800
__Hclrtext                   clrtext      0000
__Hcode                      code         0000
__Hcommon                    common       0000
__Hconfig                    config       2008
__HcstackBANK0               cstackBANK0  0000
__HcstackBANK1               cstackBANK1  0000
__HcstackCOMMON              cstackCOMMON 0000
__Heeprom_data               eeprom_data  0000
__Hend_init                  end_init     0003
__Hfunctab                   functab      0000
__Hidloc                     idloc        0000
__Hinit                      init         0000
__Hintentry                  intentry     0000
__Hmaintext                  maintext     0000
__Hpowerup                   powerup      0000
__Hram                       ram          0000
__Hreset_vec                 reset_vec    0000
__Hsfr0                      sfr0         0000
__Hsfr1                      sfr1         0000
__Hsfr2                      sfr2         0000
__Hsfr3                      sfr3         0000
__Hspace_0                   (abs)        2008
__Hspace_1                   (abs)        00D1
__Hspace_2                   (abs)        0000
__Hspace_3                   (abs)        0000
__Hstack                     stack        0000
__Hstrings                   strings      0000
__Htext                      text         0000
__Labs1                      abs1         0000
__Lbank0                     bank0        0000
__Lbank1                     bank1        0000
__Lbank2                     bank2        0000
__Lbank3                     bank3        0000
__LbssBANK1                  bssBANK1     0000
__Lcinit                     cinit        07F3
__Lclrtext                   clrtext      0000
__Lcode                      code         0000
__Lcommon                    common       0000
__Lconfig                    config       2007
__LcstackBANK0               cstackBANK0  0000
__LcstackBANK1               cstackBANK1  0000
__LcstackCOMMON              cstackCOMMON 0000
__Leeprom_data               eeprom_data  0000
__Lend_init                  end_init     0000
__Lfunctab                   functab      0000
__Lidloc                     idloc        0000
__Linit                      init         0000
__Lintentry                  intentry     0000
__Lmaintext                  maintext     0000
__Lpowerup                   powerup      0000
__Lram                       ram          0000
__Lreset_vec                 reset_vec    0000
__Lsfr0                      sfr0         0000
__Lsfr1                      sfr1         0000
__Lsfr2                      sfr2         0000
__Lsfr3                      sfr3         0000
__Lspace_0                   (abs)        0000
__Lspace_1                   (abs)        0000
__Lspace_2                   (abs)        0000
__Lspace_3                   (abs)        0000
__Lstack                     stack        0000
__Lstrings                   strings      0000
__Ltext                      text         0000
__S0                         (abs)        2008
__S1                         (abs)        00D1
__S2                         (abs)        0000
__S3                         (abs)        0000
__Umul8_16                   text24       0006
__Umul8_16@multiplicand      cstackCOMMON 0070
__Umul8_16@multiplier        cstackCOMMON 0078
__Umul8_16@product           cstackCOMMON 0074
__Umul8_16@word_mpld         cstackCOMMON 0076
___fladd                     text14       020A
___fladd@a                   cstackBANK0  003E
___fladd@aexp                cstackBANK0  004B
___fladd@b                   cstackBANK0  003A
___fladd@bexp                cstackBANK0  004C
___fladd@grs                 cstackBANK0  004D
___fladd@signs               cstackBANK0  004A
___fldiv                     text15       002D
___fldiv@a                   cstackBANK0  0056
___fldiv@aexp                cstackBANK0  006F
___fldiv@b                   cstackBANK0  005A
___fldiv@bexp                cstackBANK0  006E
___fldiv@grs                 cstackBANK0  006A
___fldiv@new_exp             cstackBANK0  0068
___fldiv@rem                 cstackBANK0  0063
___fldiv@sign                cstackBANK0  0067
___flmul                     text23       0492
___flmul@a                   cstackBANK0  0024
___flmul@aexp                cstackBANK0  0032
___flmul@b                   cstackBANK0  0020
___flmul@bexp                cstackBANK0  0033
___flmul@grs                 cstackBANK0  002E
___flmul@prod                cstackBANK0  0034
___flmul@sign                cstackBANK0  002D
___flmul@temp                cstackBANK0  0038
___flsub                     text13       140C
___flsub@a                   cstackBANK0  004E
___flsub@b                   cstackBANK0  0052
___fltol                     text22       16CC
___fltol@exp1                cstackBANK1  00AA
___fltol@f1                  cstackBANK1  00A0
___fltol@sign1               cstackBANK1  00A9
___int_sp                    stack        0000
___latbits                   (abs)        0002
___lwdiv                     text28       1528
___lwdiv@counter             cstackCOMMON 0077
___lwdiv@dividend            cstackCOMMON 0072
___lwdiv@divisor             cstackCOMMON 0070
___lwdiv@quotient            cstackCOMMON 0075
___lwmod                     text27       0801
___lwmod@counter             cstackCOMMON 007D
___lwmod@dividend            cstackCOMMON 007A
___lwmod@divisor             cstackCOMMON 0078
___sp                        stack        0000
___stackhi                   (abs)        0000
___stacklo                   (abs)        0000
___wmul                      text21       1430
___wmul@multiplicand         cstackCOMMON 0072
___wmul@multiplier           cstackCOMMON 0070
___wmul@product              cstackCOMMON 0074
___xxtofl                    text20       083B
___xxtofl@arg                cstackCOMMON 007A
___xxtofl@exp                cstackCOMMON 0079
___xxtofl@sign               cstackCOMMON 0078
___xxtofl@val                cstackCOMMON 0070
__end_of_LCD                 text19       1800
__end_of_Lcd_Clear           text11       135C
__end_of_Lcd_Cmd             text32       13A6
__end_of_Lcd_Init            text18       16CC
__end_of_Lcd_Port            text33       13E8
__end_of_Lcd_Set_Cursor      text31       15BE
__end_of_Lcd_Write_Char      text30       14E6
__end_of_Lcd_Write_Int       text25       140C
__end_of_Lcd_Write_String    text29       1528
__end_of_OFF                 text17       13C6
__end_of__Umul8_16           text24       002D
__end_of___fladd             text14       0492
__end_of___fldiv             text15       020A
__end_of___flmul             text23       07F3
__end_of___flsub             text13       1430
__end_of___fltol             text22       1748
__end_of___lwdiv             text28       156C
__end_of___lwmod             text27       083B
__end_of___wmul              text21       1455
__end_of___xxtofl            text20       08F5
__end_of__initialization     cinit        07FC
__end_of__stringtab          strings      1010
__end_of_aON                 text9        136C
__end_of_bON                 text8        137C
__end_of_ble                 text16       1347
__end_of_cON                 text7        138C
__end_of_currentMeasurement  text12       0C81
__end_of_dpowers             strings      101A
__end_of_hotList             text10       1000
__end_of_main                maintext     0DE9
__end_of_maximumPower1       text6        1481
__end_of_maximumPower2       text5        1616
__end_of_maximumPower3       text4        09BB
__end_of_powerSaving1        text3        14AD
__end_of_powerSaving2        text2        166E
__end_of_powerSaving3        text1        0A81
__end_of_sprintf             text26       0B69
__initialization             cinit        07F3
__pbssBANK1                  bssBANK1     00BA
__pcstackBANK0               cstackBANK0  0020
__pcstackBANK1               cstackBANK1  00A0
__pcstackCOMMON              cstackCOMMON 0070
__pmaintext                  maintext     0C81
__pstrings                   strings      1000
__ptext1                     text1        09BB
__ptext10                    text10       0DE9
__ptext11                    text11       134F
__ptext12                    text12       0B69
__ptext13                    text13       140C
__ptext14                    text14       020A
__ptext15                    text15       002D
__ptext16                    text16       1342
__ptext17                    text17       13A6
__ptext18                    text18       166E
__ptext19                    text19       1748
__ptext2                     text2        1616
__ptext20                    text20       083B
__ptext21                    text21       1430
__ptext22                    text22       16CC
__ptext23                    text23       0492
__ptext24                    text24       0006
__ptext25                    text25       13E8
__ptext26                    text26       0A81
__ptext27                    text27       0801
__ptext28                    text28       1528
__ptext29                    text29       14E6
__ptext3                     text3        1481
__ptext30                    text30       14AD
__ptext31                    text31       156C
__ptext32                    text32       138C
__ptext33                    text33       13C6
__ptext4                     text4        08F5
__ptext5                     text5        15BE
__ptext6                     text6        1455
__ptext7                     text7        137C
__ptext8                     text8        136C
__ptext9                     text9        135C
__size_of_LCD                (abs)        0000
__size_of_Lcd_Clear          (abs)        0000
__size_of_Lcd_Cmd            (abs)        0000
__size_of_Lcd_Init           (abs)        0000
__size_of_Lcd_Port           (abs)        0000
__size_of_Lcd_Set_Cursor     (abs)        0000
__size_of_Lcd_Write_Char     (abs)        0000
__size_of_Lcd_Write_Int      (abs)        0000
__size_of_Lcd_Write_String   (abs)        0000
__size_of_OFF                (abs)        0000
__size_of__Umul8_16          (abs)        0000
__size_of___fladd            (abs)        0000
__size_of___fldiv            (abs)        0000
__size_of___flmul            (abs)        0000
__size_of___flsub            (abs)        0000
__size_of___fltol            (abs)        0000
__size_of___lwdiv            (abs)        0000
__size_of___lwmod            (abs)        0000
__size_of___wmul             (abs)        0000
__size_of___xxtofl           (abs)        0000
__size_of_aON                (abs)        0000
__size_of_bON                (abs)        0000
__size_of_ble                (abs)        0000
__size_of_cON                (abs)        0000
__size_of_currentMeasurement (abs)        0000
__size_of_hotList            (abs)        0000
__size_of_main               (abs)        0000
__size_of_maximumPower1      (abs)        0000
__size_of_maximumPower2      (abs)        0000
__size_of_maximumPower3      (abs)        0000
__size_of_powerSaving1       (abs)        0000
__size_of_powerSaving2       (abs)        0000
__size_of_powerSaving3       (abs)        0000
__size_of_sprintf            (abs)        0000
__stringbase                 strings      100F
__stringtab                  strings      1000
_aDANGER                     bssBANK1     00C6
_aON                         text9        135C
_aVOLTAGE                    bssBANK1     00CC
_bDANGER                     bssBANK1     00C4
_bON                         text8        136C
_bVOLTAGE                    bssBANK1     00CA
_ble                         text16       1342
_cDANGER                     bssBANK1     00C2
_cON                         text7        137C
_cVOLTAGE                    bssBANK1     00C8
_current                     bssBANK1     00CF
_currentMeasurement          text12       0B69
_danger                      bssBANK1     00C0
_dpowers                     strings      1010
_hotList                     text10       0DE9
_main                        maintext     0C81
_maximumPower1               text6        1455
_maximumPower2               text5        15BE
_maximumPower3               text4        08F5
_nextState                   bssBANK1     00CE
_power                       bssBANK1     00BC
_powerSaving1                text3        1481
_powerSaving2                text2        1616
_powerSaving3                text1        09BB
_sprintf                     text26       0A81
_voltage                     bssBANK1     00BE
btemp                        (abs)        007E
clear_ram0                   clrtext      1347
end_of_initialization        cinit        07FC
intlevel0                    functab      0000
intlevel1                    functab      0000
intlevel2                    functab      0000
intlevel3                    functab      0000
intlevel4                    functab      0000
intlevel5                    functab      0000
reset_vec                    reset_vec    0000
sprintf@ap                   cstackBANK0  0026
sprintf@c                    cstackBANK0  002C
sprintf@f                    cstackBANK0  0020
sprintf@flag                 cstackBANK0  0027
sprintf@prec                 cstackBANK0  0028
sprintf@sp                   cstackBANK0  002B
sprintf@val                  cstackBANK0  0029
start                        init         0000
start_initialization         cinit        07F3
wtemp0                       (abs)        007E


FUNCTION INFORMATION:

 *************** function _main *****************
 Defined at:
		line 83 in file "main.c"
 Parameters:    Size  Location     Type
		None
 Auto vars:     Size  Location     Type
		None
 Return value:  Size  Location     Type
                  1    wreg      void 
 Registers used:
		wreg, fsr0l, fsr0h, status,2, status,0, btemp+1, pclath, cstack
 Tracked objects:
		On entry : 
		On exit  : 
		Unchanged: 
 Data sizes:     COMMON   BANK0   BANK1   BANK3   BANK2
      Params:         0       0       0       0       0
      Locals:         0       0       0       0       0
      Temps:          0       0       3       0       0
      Totals:         0       0       3       0       0
Total ram usage:        3 bytes
 Hardware stack levels required when called:    5
 This function calls:
		_LCD
		_Lcd_Clear
		_Lcd_Init
		_Lcd_Set_Cursor
		_Lcd_Write_String
		_OFF
		_aON
		_bON
		_ble
		_cON
		_currentMeasurement
		_hotList
		_maximumPower1
		_maximumPower2
		_maximumPower3
		_powerSaving1
		_powerSaving2
		_powerSaving3
 This function is called by:
		Startup code after reset
 This function uses a non-reentrant model


 *************** function _powerSaving3 *****************
 Defined at:
		line 186 in file "main.c"
 Parameters:    Size  Location     Type
		None
 Auto vars:     Size  Location     Type
		None
 Return value:  Size  Location     Type
                  1    wreg      void 
 Registers used:
		wreg, status,2, status,0, pclath, cstack
 Tracked objects:
		On entry : 
		On exit  : 
		Unchanged: 
 Data sizes:     COMMON   BANK0   BANK1   BANK3   BANK2
      Params:         0       0       0       0       0
      Locals:         0       0       0       0       0
      Temps:          1       0       0       0       0
      Totals:         1       0       0       0       0
Total ram usage:        1 bytes
 Hardware stack levels used:    1
 Hardware stack levels required when called:    1
 This function calls:
		_aON
		_bON
		_cON
 This function is called by:
		_main
 This function uses a non-reentrant model


 *************** function _powerSaving2 *****************
 Defined at:
		line 203 in file "main.c"
 Parameters:    Size  Location     Type
		None
 Auto vars:     Size  Location     Type
		None
 Return value:  Size  Location     Type
                  1    wreg      void 
 Registers used:
		wreg, fsr0l, fsr0h, status,2, status,0, pclath, cstack
 Tracked objects:
		On entry : 
		On exit  : 
		Unchanged: 
 Data sizes:     COMMON   BANK0   BANK1   BANK3   BANK2
      Params:         0       0       0       0       0
      Locals:         0       0       0       0       0
      Temps:          1       0       0       0       0
      Totals:         1       0       0       0       0
Total ram usage:        1 bytes
 Hardware stack levels used:    1
 Hardware stack levels required when called:    1
 This function calls:
		_aON
		_bON
		_cON
 This function is called by:
		_main
 This function uses a non-reentrant model


 *************** function _powerSaving1 *****************
 Defined at:
		line 220 in file "main.c"
 Parameters:    Size  Location     Type
		None
 Auto vars:     Size  Location     Type
		None
 Return value:  Size  Location     Type
                  1    wreg      void 
 Registers used:
		wreg, fsr0l, fsr0h, status,2, status,0, pclath, cstack
 Tracked objects:
		On entry : 
		On exit  : 
		Unchanged: 
 Data sizes:     COMMON   BANK0   BANK1   BANK3   BANK2
      Params:         0       0       0       0       0
      Locals:         0       0       0       0       0
      Temps:          1       0       0       0       0
      Totals:         1       0       0       0       0
Total ram usage:        1 bytes
 Hardware stack levels used:    1
 Hardware stack levels required when called:    1
 This function calls:
		_aON
		_bON
		_cON
 This function is called by:
		_main
 This function uses a non-reentrant model


 *************** function _maximumPower3 *****************
 Defined at:
		line 234 in file "main.c"
 Parameters:    Size  Location     Type
		None
 Auto vars:     Size  Location     Type
		None
 Return value:  Size  Location     Type
                  1    wreg      void 
 Registers used:
		wreg, status,2, status,0, pclath, cstack
 Tracked objects:
		On entry : 
		On exit  : 
		Unchanged: 
 Data sizes:     COMMON   BANK0   BANK1   BANK3   BANK2
      Params:         0       0       0       0       0
      Locals:         0       0       0       0       0
      Temps:          1       0       0       0       0
      Totals:         1       0       0       0       0
Total ram usage:        1 bytes
 Hardware stack levels used:    1
 Hardware stack levels required when called:    1
 This function calls:
		_aON
		_bON
		_cON
 This function is called by:
		_main
 This function uses a non-reentrant model


 *************** function _maximumPower2 *****************
 Defined at:
		line 251 in file "main.c"
 Parameters:    Size  Location     Type
		None
 Auto vars:     Size  Location     Type
		None
 Return value:  Size  Location     Type
                  1    wreg      void 
 Registers used:
		wreg, fsr0l, fsr0h, status,2, status,0, pclath, cstack
 Tracked objects:
		On entry : 
		On exit  : 
		Unchanged: 
 Data sizes:     COMMON   BANK0   BANK1   BANK3   BANK2
      Params:         0       0       0       0       0
      Locals:         0       0       0       0       0
      Temps:          1       0       0       0       0
      Totals:         1       0       0       0       0
Total ram usage:        1 bytes
 Hardware stack levels used:    1
 Hardware stack levels required when called:    1
 This function calls:
		_aON
		_bON
		_cON
 This function is called by:
		_main
 This function uses a non-reentrant model


 *************** function _maximumPower1 *****************
 Defined at:
		line 268 in file "main.c"
 Parameters:    Size  Location     Type
		None
 Auto vars:     Size  Location     Type
		None
 Return value:  Size  Location     Type
                  1    wreg      void 
 Registers used:
		wreg, fsr0l, fsr0h, status,2, status,0, pclath, cstack
 Tracked objects:
		On entry : 
		On exit  : 
		Unchanged: 
 Data sizes:     COMMON   BANK0   BANK1   BANK3   BANK2
      Params:         0       0       0       0       0
      Locals:         0       0       0       0       0
      Temps:          1       0       0       0       0
      Totals:         1       0       0       0       0
Total ram usage:        1 bytes
 Hardware stack levels used:    1
 Hardware stack levels required when called:    1
 This function calls:
		_aON
		_bON
		_cON
 This function is called by:
		_main
 This function uses a non-reentrant model


 *************** function _cON *****************
 Defined at:
		line 296 in file "main.c"
 Parameters:    Size  Location     Type
		None
 Auto vars:     Size  Location     Type
		None
 Return value:  Size  Location     Type
                  1    wreg      void 
 Registers used:
		wreg
 Tracked objects:
		On entry : 
		On exit  : 
		Unchanged: 
 Data sizes:     COMMON   BANK0   BANK1   BANK3   BANK2
      Params:         0       0       0       0       0
      Locals:         0       0       0       0       0
      Temps:          1       0       0       0       0
      Totals:         1       0       0       0       0
Total ram usage:        1 bytes
 Hardware stack levels used:    1
 This function calls:
		Nothing
 This function is called by:
		_main
		_powerSaving3
		_powerSaving2
		_powerSaving1
		_maximumPower3
		_maximumPower2
		_maximumPower1
 This function uses a non-reentrant model


 *************** function _bON *****************
 Defined at:
		line 289 in file "main.c"
 Parameters:    Size  Location     Type
		None
 Auto vars:     Size  Location     Type
		None
 Return value:  Size  Location     Type
                  1    wreg      void 
 Registers used:
		wreg
 Tracked objects:
		On entry : 
		On exit  : 
		Unchanged: 
 Data sizes:     COMMON   BANK0   BANK1   BANK3   BANK2
      Params:         0       0       0       0       0
      Locals:         0       0       0       0       0
      Temps:          1       0       0       0       0
      Totals:         1       0       0       0       0
Total ram usage:        1 bytes
 Hardware stack levels used:    1
 This function calls:
		Nothing
 This function is called by:
		_main
		_powerSaving3
		_powerSaving2
		_powerSaving1
		_maximumPower3
		_maximumPower2
		_maximumPower1
 This function uses a non-reentrant model


 *************** function _aON *****************
 Defined at:
		line 282 in file "main.c"
 Parameters:    Size  Location     Type
		None
 Auto vars:     Size  Location     Type
		None
 Return value:  Size  Location     Type
                  1    wreg      void 
 Registers used:
		wreg
 Tracked objects:
		On entry : 
		On exit  : 
		Unchanged: 
 Data sizes:     COMMON   BANK0   BANK1   BANK3   BANK2
      Params:         0       0       0       0       0
      Locals:         0       0       0       0       0
      Temps:          1       0       0       0       0
      Totals:         1       0       0       0       0
Total ram usage:        1 bytes
 Hardware stack levels used:    1
 This function calls:
		Nothing
 This function is called by:
		_main
		_powerSaving3
		_powerSaving2
		_powerSaving1
		_maximumPower3
		_maximumPower2
		_maximumPower1
 This function uses a non-reentrant model


 *************** function _hotList *****************
 Defined at:
		line 137 in file "main.c"
 Parameters:    Size  Location     Type
		None
 Auto vars:     Size  Location     Type
		None
 Return value:  Size  Location     Type
                  1    wreg      void 
 Registers used:
		wreg, fsr0l, fsr0h, status,2, status,0, btemp+1, pclath, cstack
 Tracked objects:
		On entry : 
		On exit  : 
		Unchanged: 
 Data sizes:     COMMON   BANK0   BANK1   BANK3   BANK2
      Params:         0       0       0       0       0
      Locals:         0       0       0       0       0
      Temps:          0       6       0       0       0
      Totals:         0       6       0       0       0
Total ram usage:        6 bytes
 Hardware stack levels used:    1
 Hardware stack levels required when called:    3
 This function calls:
		_Lcd_Clear
		_Lcd_Set_Cursor
		_Lcd_Write_String
 This function is called by:
		_main
 This function uses a non-reentrant model


 *************** function _Lcd_Clear *****************
 Defined at:
		line 36 in file "./lcd.h"
 Parameters:    Size  Location     Type
		None
 Auto vars:     Size  Location     Type
		None
 Return value:  Size  Location     Type
                  2   94[None  ] int 
 Registers used:
		wreg, status,2, status,0, pclath, cstack
 Tracked objects:
		On entry : 
		On exit  : 
		Unchanged: 
 Data sizes:     COMMON   BANK0   BANK1   BANK3   BANK2
      Params:         0       0       0       0       0
      Locals:         0       0       0       0       0
      Temps:          0       0       0       0       0
      Totals:         0       0       0       0       0
Total ram usage:        0 bytes
 Hardware stack levels used:    1
 Hardware stack levels required when called:    2
 This function calls:
		_Lcd_Cmd
 This function is called by:
		_main
		_hotList
 This function uses a non-reentrant model


 *************** function _currentMeasurement *****************
 Defined at:
		line 312 in file "main.c"
 Parameters:    Size  Location     Type
		None
 Auto vars:     Size  Location     Type
		None
 Return value:  Size  Location     Type
                  1    wreg      void 
 Registers used:
		wreg, status,2, status,0, btemp+1, pclath, cstack
 Tracked objects:
		On entry : 
		On exit  : 
		Unchanged: 
 Data sizes:     COMMON   BANK0   BANK1   BANK3   BANK2
      Params:         0       0       0       0       0
      Locals:         0       0       0       0       0
      Temps:          0       0       1       0       0
      Totals:         0       0       1       0       0
Total ram usage:        1 bytes
 Hardware stack levels used:    1
 Hardware stack levels required when called:    2
 This function calls:
		___fladd
		___fldiv
		___flmul
		___flsub
		___fltol
		___xxtofl
 This function is called by:
		_main
 This function uses a non-reentrant model


 *************** function ___flsub *****************
 Defined at:
		line 242 in file "C:\Program Files (x86)\Microchip\xc8\v2.10\pic\sources\c90\common\sprcadd.c"
 Parameters:    Size  Location     Type
  a               4   46[BANK0 ] void 
  b               4   50[BANK0 ] void 
 Auto vars:     Size  Location     Type
		None
 Return value:  Size  Location     Type
                  4   46[BANK0 ] void 
 Registers used:
		wreg, status,2, status,0, btemp+1, pclath, cstack
 Tracked objects:
		On entry : 
		On exit  : 
		Unchanged: 
 Data sizes:     COMMON   BANK0   BANK1   BANK3   BANK2
      Params:         0       8       0       0       0
      Locals:         0       0       0       0       0
      Temps:          0       0       0       0       0
      Totals:         0       8       0       0       0
Total ram usage:        8 bytes
 Hardware stack levels used:    1
 Hardware stack levels required when called:    1
 This function calls:
		___fladd
 This function is called by:
		_currentMeasurement
 This function uses a non-reentrant model


 *************** function ___fladd *****************
 Defined at:
		line 10 in file "C:\Program Files (x86)\Microchip\xc8\v2.10\pic\sources\c90\common\sprcadd.c"
 Parameters:    Size  Location     Type
  b               4   26[BANK0 ] void 
  a               4   30[BANK0 ] void 
 Auto vars:     Size  Location     Type
  grs             1   45[BANK0 ] unsigned char 
  bexp            1   44[BANK0 ] unsigned char 
  aexp            1   43[BANK0 ] unsigned char 
  signs           1   42[BANK0 ] unsigned char 
 Return value:  Size  Location     Type
                  4   26[BANK0 ] unsigned char 
 Registers used:
		wreg, status,2, status,0, btemp+1
 Tracked objects:
		On entry : 
		On exit  : 
		Unchanged: 
 Data sizes:     COMMON   BANK0   BANK1   BANK3   BANK2
      Params:         0       8       0       0       0
      Locals:         0       4       0       0       0
      Temps:          0       8       0       0       0
      Totals:         0      20       0       0       0
Total ram usage:       20 bytes
 Hardware stack levels used:    1
 This function calls:
		Nothing
 This function is called by:
		_currentMeasurement
		___flsub
 This function uses a non-reentrant model


 *************** function ___fldiv *****************
 Defined at:
		line 8 in file "C:\Program Files (x86)\Microchip\xc8\v2.10\pic\sources\c90\common\sprcdiv.c"
 Parameters:    Size  Location     Type
  a               4   54[BANK0 ] unsigned char 
  b               4   58[BANK0 ] unsigned char 
 Auto vars:     Size  Location     Type
  grs             4   74[BANK0 ] unsigned long 
  rem             4   67[BANK0 ] unsigned long 
  new_exp         2   72[BANK0 ] int 
  aexp            1   79[BANK0 ] unsigned char 
  bexp            1   78[BANK0 ] unsigned char 
  sign            1   71[BANK0 ] unsigned char 
 Return value:  Size  Location     Type
                  4   54[BANK0 ] unsigned char 
 Registers used:
		wreg, status,2, status,0, btemp+1
 Tracked objects:
		On entry : 
		On exit  : 
		Unchanged: 
 Data sizes:     COMMON   BANK0   BANK1   BANK3   BANK2
      Params:         0       8       0       0       0
      Locals:         0      13       0       0       0
      Temps:          0       5       0       0       0
      Totals:         0      26       0       0       0
Total ram usage:       26 bytes
 Hardware stack levels used:    1
 This function calls:
		Nothing
 This function is called by:
		_currentMeasurement
 This function uses a non-reentrant model


 *************** function _ble *****************
 Defined at:
		line 337 in file "main.c"
 Parameters:    Size  Location     Type
		None
 Auto vars:     Size  Location     Type
		None
 Return value:  Size  Location     Type
                  1    wreg      void 
 Registers used:
		None
 Tracked objects:
		On entry : 
		On exit  : 
		Unchanged: 
 Data sizes:     COMMON   BANK0   BANK1   BANK3   BANK2
      Params:         0       0       0       0       0
      Locals:         0       0       0       0       0
      Temps:          0       0       0       0       0
      Totals:         0       0       0       0       0
Total ram usage:        0 bytes
 Hardware stack levels used:    1
 This function calls:
		Nothing
 This function is called by:
		_main
 This function uses a non-reentrant model


 *************** function _OFF *****************
 Defined at:
		line 303 in file "main.c"
 Parameters:    Size  Location     Type
		None
 Auto vars:     Size  Location     Type
		None
 Return value:  Size  Location     Type
                  1    wreg      void 
 Registers used:
		wreg, status,2, status,0, pclath, cstack
 Tracked objects:
		On entry : 
		On exit  : 
		Unchanged: 
 Data sizes:     COMMON   BANK0   BANK1   BANK3   BANK2
      Params:         0       0       0       0       0
      Locals:         0       0       0       0       0
      Temps:          1       0       0       0       0
      Totals:         1       0       0       0       0
Total ram usage:        1 bytes
 Hardware stack levels used:    1
 Hardware stack levels required when called:    3
 This function calls:
		_Lcd_Set_Cursor
		_Lcd_Write_Char
 This function is called by:
		_main
 This function uses a non-reentrant model


 *************** function _Lcd_Init *****************
 Defined at:
		line 63 in file "./lcd.h"
 Parameters:    Size  Location     Type
		None
 Auto vars:     Size  Location     Type
		None
 Return value:  Size  Location     Type
                  1    wreg      void 
 Registers used:
		wreg, status,2, status,0, pclath, cstack
 Tracked objects:
		On entry : 
		On exit  : 
		Unchanged: 
 Data sizes:     COMMON   BANK0   BANK1   BANK3   BANK2
      Params:         0       0       0       0       0
      Locals:         0       0       0       0       0
      Temps:          2       0       0       0       0
      Totals:         2       0       0       0       0
Total ram usage:        2 bytes
 Hardware stack levels used:    1
 Hardware stack levels required when called:    2
 This function calls:
		_Lcd_Cmd
		_Lcd_Port
 This function is called by:
		_main
 This function uses a non-reentrant model


 *************** function _LCD *****************
 Defined at:
		line 324 in file "main.c"
 Parameters:    Size  Location     Type
		None
 Auto vars:     Size  Location     Type
		None
 Return value:  Size  Location     Type
                  1    wreg      void 
 Registers used:
		wreg, fsr0l, fsr0h, status,2, status,0, btemp+1, pclath, cstack
 Tracked objects:
		On entry : 
		On exit  : 
		Unchanged: 
 Data sizes:     COMMON   BANK0   BANK1   BANK3   BANK2
      Params:         0       0       0       0       0
      Locals:         0       0       0       0       0
      Temps:          0       0       1       0       0
      Totals:         0       0       1       0       0
Total ram usage:        1 bytes
 Hardware stack levels used:    1
 Hardware stack levels required when called:    4
 This function calls:
		_Lcd_Set_Cursor
		_Lcd_Write_Int
		_Lcd_Write_String
		___flmul
		___fltol
		___wmul
		___xxtofl
 This function is called by:
		_main
 This function uses a non-reentrant model


 *************** function ___xxtofl *****************
 Defined at:
		line 10 in file "C:\Program Files (x86)\Microchip\xc8\v2.10\pic\sources\c90\common\xxtofl.c"
 Parameters:    Size  Location     Type
  sign            1    wreg     unsigned char 
  val             4    0[COMMON] long 
 Auto vars:     Size  Location     Type
  sign            1    8[COMMON] unsigned char 
  arg             4   10[COMMON] unsigned long 
  exp             1    9[COMMON] unsigned char 
 Return value:  Size  Location     Type
                  4    0[COMMON] unsigned char 
 Registers used:
		wreg, status,2, status,0
 Tracked objects:
		On entry : 
		On exit  : 
		Unchanged: 
 Data sizes:     COMMON   BANK0   BANK1   BANK3   BANK2
      Params:         4       0       0       0       0
      Locals:         6       0       0       0       0
      Temps:          4       0       0       0       0
      Totals:        14       0       0       0       0
Total ram usage:       14 bytes
 Hardware stack levels used:    1
 This function calls:
		Nothing
 This function is called by:
		_currentMeasurement
		_LCD
 This function uses a non-reentrant model


 *************** function ___wmul *****************
 Defined at:
		line 15 in file "C:\Program Files (x86)\Microchip\xc8\v2.10\pic\sources\c90\common\Umul16.c"
 Parameters:    Size  Location     Type
  multiplier      2    0[COMMON] unsigned int 
  multiplicand    2    2[COMMON] unsigned int 
 Auto vars:     Size  Location     Type
  product         2    4[COMMON] unsigned int 
 Return value:  Size  Location     Type
                  2    0[COMMON] unsigned int 
 Registers used:
		wreg, status,2, status,0
 Tracked objects:
		On entry : 
		On exit  : 
		Unchanged: 
 Data sizes:     COMMON   BANK0   BANK1   BANK3   BANK2
      Params:         4       0       0       0       0
      Locals:         2       0       0       0       0
      Temps:          0       0       0       0       0
      Totals:         6       0       0       0       0
Total ram usage:        6 bytes
 Hardware stack levels used:    1
 This function calls:
		Nothing
 This function is called by:
		_LCD
 This function uses a non-reentrant model


 *************** function ___fltol *****************
 Defined at:
		line 43 in file "C:\Program Files (x86)\Microchip\xc8\v2.10\pic\sources\c90\common\fltol.c"
 Parameters:    Size  Location     Type
  f1              4    0[BANK1 ] unsigned int 
 Auto vars:     Size  Location     Type
  exp1            1   10[BANK1 ] unsigned char 
  sign1           1    9[BANK1 ] unsigned char 
 Return value:  Size  Location     Type
                  4    0[BANK1 ] long 
 Registers used:
		wreg, status,2, status,0
 Tracked objects:
		On entry : 
		On exit  : 
		Unchanged: 
 Data sizes:     COMMON   BANK0   BANK1   BANK3   BANK2
      Params:         0       0       4       0       0
      Locals:         0       0       2       0       0
      Temps:          0       0       5       0       0
      Totals:         0       0      11       0       0
Total ram usage:       11 bytes
 Hardware stack levels used:    1
 This function calls:
		Nothing
 This function is called by:
		_currentMeasurement
		_LCD
 This function uses a non-reentrant model


 *************** function ___flmul *****************
 Defined at:
		line 8 in file "C:\Program Files (x86)\Microchip\xc8\v2.10\pic\sources\c90\common\sprcmul.c"
 Parameters:    Size  Location     Type
  b               4    0[BANK0 ] long 
  a               4    4[BANK0 ] long 
 Auto vars:     Size  Location     Type
  prod            4   20[BANK0 ] struct .
  grs             4   14[BANK0 ] unsigned long 
  temp            2   24[BANK0 ] struct .
  bexp            1   19[BANK0 ] unsigned char 
  aexp            1   18[BANK0 ] unsigned char 
  sign            1   13[BANK0 ] unsigned char 
 Return value:  Size  Location     Type
                  4    0[BANK0 ] unsigned char 
 Registers used:
		wreg, status,2, status,0, btemp+1, pclath, cstack
 Tracked objects:
		On entry : 
		On exit  : 
		Unchanged: 
 Data sizes:     COMMON   BANK0   BANK1   BANK3   BANK2
      Params:         0       8       0       0       0
      Locals:         0      13       0       0       0
      Temps:          0       5       0       0       0
      Totals:         0      26       0       0       0
Total ram usage:       26 bytes
 Hardware stack levels used:    1
 Hardware stack levels required when called:    1
 This function calls:
		__Umul8_16
 This function is called by:
		_currentMeasurement
		_LCD
 This function uses a non-reentrant model


 *************** function __Umul8_16 *****************
 Defined at:
		line 4 in file "C:\Program Files (x86)\Microchip\xc8\v2.10\pic\sources\c90\common\Umul8_16.c"
 Parameters:    Size  Location     Type
  multiplier      1    wreg     unsigned char 
  multiplicand    1    0[COMMON] unsigned char 
 Auto vars:     Size  Location     Type
  multiplier      1    8[COMMON] unsigned char 
  word_mpld       2    6[COMMON] unsigned int 
  product         2    4[COMMON] unsigned int 
 Return value:  Size  Location     Type
                  2    0[COMMON] unsigned int 
 Registers used:
		wreg, status,2, status,0
 Tracked objects:
		On entry : 
		On exit  : 
		Unchanged: 
 Data sizes:     COMMON   BANK0   BANK1   BANK3   BANK2
      Params:         2       0       0       0       0
      Locals:         5       0       0       0       0
      Temps:          2       0       0       0       0
      Totals:         9       0       0       0       0
Total ram usage:        9 bytes
 Hardware stack levels used:    1
 This function calls:
		Nothing
 This function is called by:
		___flmul
 This function uses a non-reentrant model


 *************** function _Lcd_Write_Int *****************
 Defined at:
		line 117 in file "./lcd.h"
 Parameters:    Size  Location     Type
  num             2   11[BANK1 ] int 
 Auto vars:     Size  Location     Type
  number          8   14[BANK1 ] unsigned char [8]
 Return value:  Size  Location     Type
                  1    wreg      void 
 Registers used:
		wreg, fsr0l, fsr0h, status,2, status,0, btemp+1, pclath, cstack
 Tracked objects:
		On entry : 
		On exit  : 
		Unchanged: 
 Data sizes:     COMMON   BANK0   BANK1   BANK3   BANK2
      Params:         0       0       2       0       0
      Locals:         0       0       8       0       0
      Temps:          0       0       1       0       0
      Totals:         0       0      11       0       0
Total ram usage:       11 bytes
 Hardware stack levels used:    1
 Hardware stack levels required when called:    3
 This function calls:
		_Lcd_Write_String
		_sprintf
 This function is called by:
		_LCD
 This function uses a non-reentrant model


 *************** function _sprintf *****************
 Defined at:
		line 505 in file "C:\Program Files (x86)\Microchip\xc8\v2.10\pic\sources\c90\common\doprnt.c"
 Parameters:    Size  Location     Type
  sp              1    wreg     PTR unsigned char 
		 -> Lcd_Write_Int@number(8), 
  f               1    0[BANK0 ] PTR const unsigned char 
		 -> STR_1(3), 
 Auto vars:     Size  Location     Type
  sp              1   11[BANK0 ] PTR unsigned char 
		 -> Lcd_Write_Int@number(8), 
  tmpval          4    0        struct .
  val             2    9[BANK0 ] unsigned int 
  cp              2    0        PTR const unsigned char 
  len             2    0        unsigned int 
  c               1   12[BANK0 ] unsigned char 
  prec            1    8[BANK0 ] char 
  flag            1    7[BANK0 ] unsigned char 
  ap              1    6[BANK0 ] PTR void [1]
		 -> ?_sprintf(2), 
 Return value:  Size  Location     Type
                  2    0[BANK0 ] int 
 Registers used:
		wreg, fsr0l, fsr0h, status,2, status,0, btemp+1, pclath, cstack
 Tracked objects:
		On entry : 
		On exit  : 
		Unchanged: 
 Data sizes:     COMMON   BANK0   BANK1   BANK3   BANK2
      Params:         0       3       0       0       0
      Locals:         0       7       0       0       0
      Temps:          0       3       0       0       0
      Totals:         0      13       0       0       0
Total ram usage:       13 bytes
 Hardware stack levels used:    1
 Hardware stack levels required when called:    1
 This function calls:
		___lwdiv
		___lwmod
 This function is called by:
		_Lcd_Write_Int
 This function uses a non-reentrant model


 *************** function ___lwmod *****************
 Defined at:
		line 5 in file "C:\Program Files (x86)\Microchip\xc8\v2.10\pic\sources\c90\common\lwmod.c"
 Parameters:    Size  Location     Type
  divisor         2    8[COMMON] unsigned int 
  dividend        2   10[COMMON] unsigned int 
 Auto vars:     Size  Location     Type
  counter         1   13[COMMON] unsigned char 
 Return value:  Size  Location     Type
                  2    8[COMMON] unsigned int 
 Registers used:
		wreg, status,2, status,0
 Tracked objects:
		On entry : 
		On exit  : 
		Unchanged: 
 Data sizes:     COMMON   BANK0   BANK1   BANK3   BANK2
      Params:         4       0       0       0       0
      Locals:         1       0       0       0       0
      Temps:          1       0       0       0       0
      Totals:         6       0       0       0       0
Total ram usage:        6 bytes
 Hardware stack levels used:    1
 This function calls:
		Nothing
 This function is called by:
		_sprintf
 This function uses a non-reentrant model


 *************** function ___lwdiv *****************
 Defined at:
		line 5 in file "C:\Program Files (x86)\Microchip\xc8\v2.10\pic\sources\c90\common\lwdiv.c"
 Parameters:    Size  Location     Type
  divisor         2    0[COMMON] unsigned int 
  dividend        2    2[COMMON] unsigned int 
 Auto vars:     Size  Location     Type
  quotient        2    5[COMMON] unsigned int 
  counter         1    7[COMMON] unsigned char 
 Return value:  Size  Location     Type
                  2    0[COMMON] unsigned int 
 Registers used:
		wreg, status,2, status,0
 Tracked objects:
		On entry : 
		On exit  : 
		Unchanged: 
 Data sizes:     COMMON   BANK0   BANK1   BANK3   BANK2
      Params:         4       0       0       0       0
      Locals:         3       0       0       0       0
      Temps:          1       0       0       0       0
      Totals:         8       0       0       0       0
Total ram usage:        8 bytes
 Hardware stack levels used:    1
 This function calls:
		Nothing
 This function is called by:
		_sprintf
 This function uses a non-reentrant model


 *************** function _Lcd_Write_String *****************
 Defined at:
		line 98 in file "./lcd.h"
 Parameters:    Size  Location     Type
  a               2    5[COMMON] PTR unsigned char 
		 -> STR_10(2), STR_9(2), STR_8(2), STR_7(3), 
		 -> STR_6(3), STR_5(3), STR_4(8), STR_3(16), 
		 -> STR_2(9), Lcd_Write_Int@number(8), 
 Auto vars:     Size  Location     Type
  i               2   10[COMMON] int 
 Return value:  Size  Location     Type
                  1    wreg      void 
 Registers used:
		wreg, fsr0l, fsr0h, status,2, status,0, btemp+1, pclath, cstack
 Tracked objects:
		On entry : 
		On exit  : 
		Unchanged: 
 Data sizes:     COMMON   BANK0   BANK1   BANK3   BANK2
      Params:         2       0       0       0       0
      Locals:         2       0       0       0       0
      Temps:          3       0       0       0       0
      Totals:         7       0       0       0       0
Total ram usage:        7 bytes
 Hardware stack levels used:    1
 Hardware stack levels required when called:    2
 This function calls:
		_Lcd_Write_Char
 This function is called by:
		_Lcd_Write_Int
		_main
		_hotList
		_LCD
 This function uses a non-reentrant model


 *************** function _Lcd_Write_Char *****************
 Defined at:
		line 82 in file "./lcd.h"
 Parameters:    Size  Location     Type
  a               1    wreg     unsigned char 
 Auto vars:     Size  Location     Type
  a               1    4[COMMON] unsigned char 
  y               1    3[COMMON] unsigned char 
  temp            1    2[COMMON] unsigned char 
 Return value:  Size  Location     Type
                  1    wreg      void 
 Registers used:
		wreg, status,2, status,0, pclath, cstack
 Tracked objects:
		On entry : 
		On exit  : 
		Unchanged: 
 Data sizes:     COMMON   BANK0   BANK1   BANK3   BANK2
      Params:         0       0       0       0       0
      Locals:         3       0       0       0       0
      Temps:          1       0       0       0       0
      Totals:         4       0       0       0       0
Total ram usage:        4 bytes
 Hardware stack levels used:    1
 Hardware stack levels required when called:    1
 This function calls:
		_Lcd_Port
 This function is called by:
		_Lcd_Write_String
		_OFF
 This function uses a non-reentrant model


 *************** function _Lcd_Set_Cursor *****************
 Defined at:
		line 42 in file "./lcd.h"
 Parameters:    Size  Location     Type
  a               1    wreg     unsigned char 
  b               1    4[COMMON] unsigned char 
 Auto vars:     Size  Location     Type
  a               1    7[COMMON] unsigned char 
  temp            1   10[COMMON] unsigned char 
  y               1    9[COMMON] unsigned char 
  z               1    8[COMMON] unsigned char 
 Return value:  Size  Location     Type
                  1    wreg      void 
 Registers used:
		wreg, status,2, status,0, pclath, cstack
 Tracked objects:
		On entry : 
		On exit  : 
		Unchanged: 
 Data sizes:     COMMON   BANK0   BANK1   BANK3   BANK2
      Params:         1       0       0       0       0
      Locals:         4       0       0       0       0
      Temps:          2       0       0       0       0
      Totals:         7       0       0       0       0
Total ram usage:        7 bytes
 Hardware stack levels used:    1
 Hardware stack levels required when called:    2
 This function calls:
		_Lcd_Cmd
 This function is called by:
		_main
		_hotList
		_OFF
		_LCD
 This function uses a non-reentrant model


 *************** function _Lcd_Cmd *****************
 Defined at:
		line 27 in file "./lcd.h"
 Parameters:    Size  Location     Type
  a               1    wreg     unsigned char 
 Auto vars:     Size  Location     Type
  a               1    3[COMMON] unsigned char 
 Return value:  Size  Location     Type
                  1    wreg      void 
 Registers used:
		wreg, status,2, status,0, pclath, cstack
 Tracked objects:
		On entry : 
		On exit  : 
		Unchanged: 
 Data sizes:     COMMON   BANK0   BANK1   BANK3   BANK2
      Params:         0       0       0       0       0
      Locals:         1       0       0       0       0
      Temps:          2       0       0       0       0
      Totals:         3       0       0       0       0
Total ram usage:        3 bytes
 Hardware stack levels used:    1
 Hardware stack levels required when called:    1
 This function calls:
		_Lcd_Port
 This function is called by:
		_Lcd_Clear
		_Lcd_Set_Cursor
		_Lcd_Init
		_Lcd_Shift_Right
		_Lcd_Shift_Left
 This function uses a non-reentrant model


 *************** function _Lcd_Port *****************
 Defined at:
		line 5 in file "./lcd.h"
 Parameters:    Size  Location     Type
  a               1    wreg     unsigned char 
 Auto vars:     Size  Location     Type
  a               1    0[COMMON] unsigned char 
 Return value:  Size  Location     Type
                  1    wreg      void 
 Registers used:
		wreg
 Tracked objects:
		On entry : 
		On exit  : 
		Unchanged: 
 Data sizes:     COMMON   BANK0   BANK1   BANK3   BANK2
      Params:         0       0       0       0       0
      Locals:         1       0       0       0       0
      Temps:          0       0       0       0       0
      Totals:         1       0       0       0       0
Total ram usage:        1 bytes
 Hardware stack levels used:    1
 This function calls:
		Nothing
 This function is called by:
		_Lcd_Cmd
		_Lcd_Init
		_Lcd_Write_Char
 This function uses a non-reentrant model



MODULE INFORMATION

Module		Function		Class		Link	Load	Size
C:\Program Files (x86)\Microchip\xc8\v2.10\pic\sources\c90\common\lwdiv.c
		___lwdiv       		CODE           	1528	0000	69

C:\Program Files (x86)\Microchip\xc8\v2.10\pic\sources\c90\common\lwdiv.c estimated size: 69

C:\Program Files (x86)\Microchip\xc8\v2.10\pic\sources\c90\common\fltol.c
		___fltol       		CODE           	16CC	0000	125

C:\Program Files (x86)\Microchip\xc8\v2.10\pic\sources\c90\common\fltol.c estimated size: 125

C:\Program Files (x86)\Microchip\xc8\v2.10\pic\sources\c90\common\Umul16.c
		___wmul        		CODE           	1430	0000	38

C:\Program Files (x86)\Microchip\xc8\v2.10\pic\sources\c90\common\Umul16.c estimated size: 38

./lcd.h
		_Lcd_Write_String		CODE           	14E6	0000	67
		_Lcd_Write_Int 		CODE           	13E8	0000	37
		_Lcd_Init      		CODE           	166E	0000	95
		_Lcd_Write_Char		CODE           	14AD	0000	58
		_Lcd_Cmd       		CODE           	138C	0000	27
		_Lcd_Set_Cursor		CODE           	156C	0000	83
		_Lcd_Clear     		CODE           	134F	0000	14
		_Lcd_Port      		CODE           	13C6	0000	35

./lcd.h estimated size: 416

C:\Program Files (x86)\Microchip\xc8\v2.10\pic\sources\c90\common\sprcmul.c
		___flmul       		CODE           	0492	0000	866

C:\Program Files (x86)\Microchip\xc8\v2.10\pic\sources\c90\common\sprcmul.c estimated size: 866

C:\Program Files (x86)\Microchip\xc8\v2.10\pic\sources\c90\common\Umul8_16.c
		__Umul8_16     		CODE           	0006	0000	40

C:\Program Files (x86)\Microchip\xc8\v2.10\pic\sources\c90\common\Umul8_16.c estimated size: 40

C:\Program Files (x86)\Microchip\xc8\v2.10\pic\sources\c90\common\sprcdiv.c
		___fldiv       		CODE           	002D	0000	478

C:\Program Files (x86)\Microchip\xc8\v2.10\pic\sources\c90\common\sprcdiv.c estimated size: 478

C:\Program Files (x86)\Microchip\xc8\v2.10\pic\sources\c90\common\xxtofl.c
		___xxtofl      		CODE           	083B	0000	187

C:\Program Files (x86)\Microchip\xc8\v2.10\pic\sources\c90\common\xxtofl.c estimated size: 187

shared
		__stringtab    		STRING         	1000	0000	17
		_dpowers       		STRING         	1010	0000	11
		__initialization		CODE           	07F3	0000	10

shared estimated size: 38

C:\Program Files (x86)\Microchip\xc8\v2.10\pic\sources\c90\common\lwmod.c
		___lwmod       		CODE           	0801	0000	59

C:\Program Files (x86)\Microchip\xc8\v2.10\pic\sources\c90\common\lwmod.c estimated size: 59

C:\Program Files (x86)\Microchip\xc8\v2.10\pic\sources\c90\common\sprcadd.c
		___flsub       		CODE           	140C	0000	37
		___fladd       		CODE           	020A	0000	649

C:\Program Files (x86)\Microchip\xc8\v2.10\pic\sources\c90\common\sprcadd.c estimated size: 686

C:\Program Files (x86)\Microchip\xc8\v2.10\pic\sources\c90\common\doprnt.c
		_sprintf       		CODE           	0A81	0000	233

C:\Program Files (x86)\Microchip\xc8\v2.10\pic\sources\c90\common\doprnt.c estimated size: 233

main.c
		_aON           		CODE           	135C	0000	17
		_currentMeasurement		CODE           	0B69	0000	281
		_bON           		CODE           	136C	0000	17
		_cON           		CODE           	137C	0000	17
		_LCD           		CODE           	1748	0000	185
		_main          		CODE           	0C81	0000	361
		_powerSaving1  		CODE           	1481	0000	45
		_powerSaving2  		CODE           	1616	0000	89
		_powerSaving3  		CODE           	09BB	0000	199
		_OFF           		CODE           	13A6	0000	33
		_hotList       		CODE           	0DE9	0000	536
		_maximumPower1 		CODE           	1455	0000	45
		_maximumPower2 		CODE           	15BE	0000	89
		_maximumPower3 		CODE           	08F5	0000	199
		_ble           		CODE           	1342	0000	6

main.c estimated size: 2119

